// Jest Snapshot v1, https://goo.gl/fbAQLP

exports[`Footer component should render correctly 1`] = `
<footer
  className="footer"
>
  <span
    className="app-title"
  >
    <b>
      netflix
    </b>
    roulette
  </span>
</footer>
`;
